<?xml version="1.0" encoding="UTF-8"?>
<TestRun id="9560a6ca-243c-4b2e-ac6e-541486a1af7f" name="Administrator@MTALT042 2011-08-31 20:38:51" runUser="MTALT042\Administrator" xmlns="http://microsoft.com/schemas/VisualStudio/TeamTest/2010">
  <TestSettings name="Local" id="adff75a4-7c2e-41eb-ace4-74f44b9933a8">
    <Description>These are default test settings for a local test run.</Description>
    <Deployment enabled="false" runDeploymentRoot="Administrator_MTALT042 2011-08-31 20_38_51">
      <DeploymentItem filename="D:\Prashant\Code\TestingSpecFlow\packages\SpecFlow.1.7.0\lib\net35\TechTalk.SpecFlow.dll" />
      <DeploymentItem filename="D:\Prashant\Code\TestingSpecFlow\packages\NUnit.2.5.10.11092\lib\pnunit.framework.dll" />
      <DeploymentItem filename="D:\Prashant\Code\TestingSpecFlow\packages\NUnit.2.5.10.11092\lib\nunit.framework.dll" />
      <DeploymentItem filename="D:\Prashant\Code\TestingSpecFlow\packages\NUnit.2.5.10.11092\lib\nunit.mocks.dll" />
    </Deployment>
    <Execution>
      <TestTypeSpecific />
      <AgentRule name="Execution Agents">
      </AgentRule>
    </Execution>
  </TestSettings>
  <Times creation="2011-08-31T20:38:51.0723018-04:00" queuing="2011-08-31T20:38:52.1043608-04:00" start="2011-08-31T20:38:52.2543694-04:00" finish="2011-08-31T20:38:58.4807255-04:00" />
  <ResultSummary outcome="Completed">
    <Counters total="2" executed="2" passed="2" error="0" failed="0" timeout="0" aborted="0" inconclusive="0" passedButRunAborted="0" notRunnable="0" notExecuted="0" disconnected="0" warning="0" completed="0" inProgress="0" pending="0" />
  </ResultSummary>
  <TestDefinitions>
    <UnitTest name="TestMethod1" storage="d:\prashant\code\testingspecflow\testingspecflow\bin\debug\testingspecflow.dll" id="f2a4f8d6-bc5f-4c12-a839-172bc25c2a5a">
      <Execution id="82740956-f69e-4ba3-85b4-ebf9a2b3022b" />
      <TestMethod codeBase="D:/Prashant/Code/TestingSpecFlow/TestingSpecFlow/bin/Debug/TestingSpecFlow.DLL" adapterTypeName="Microsoft.VisualStudio.TestTools.TestTypes.Unit.UnitTestAdapter, Microsoft.VisualStudio.QualityTools.Tips.UnitTest.Adapter, Version=10.0.0.0, Culture=neutral, PublicKeyToken=b03f5f7f11d50a3a" className="TestingSpecFlow.UnitTest1, TestingSpecFlow, Version=1.0.0.0, Culture=neutral, PublicKeyToken=null" name="TestMethod1" />
    </UnitTest>
    <UnitTest name="AddTwoNumbers1" storage="d:\prashant\code\testingspecflow\testingspecflow\bin\debug\testingspecflow.dll" id="0f0678c1-72af-a60a-dee8-7952b295f468">
      <Description>Add two numbers1</Description>
      <Execution id="4db60583-0b96-4d7e-8d18-424beb0573d0" />
      <Properties>
        <Property>
          <Key>FeatureTitle</Key>
          <Value>Addition1</Value>
        </Property>
      </Properties>
      <TestMethod codeBase="D:/Prashant/Code/TestingSpecFlow/TestingSpecFlow/bin/Debug/TestingSpecFlow.DLL" adapterTypeName="Microsoft.VisualStudio.TestTools.TestTypes.Unit.UnitTestAdapter, Microsoft.VisualStudio.QualityTools.Tips.UnitTest.Adapter, Version=10.0.0.0, Culture=neutral, PublicKeyToken=b03f5f7f11d50a3a" className="TestingSpecFlow.Addition1Feature, TestingSpecFlow, Version=1.0.0.0, Culture=neutral, PublicKeyToken=null" name="AddTwoNumbers1" />
    </UnitTest>
  </TestDefinitions>
  <TestLists>
    <TestList name="Results Not in a List" id="8c84fa94-04c1-424b-9868-57a2d4851a1d" />
    <TestList name="All Loaded Results" id="19431567-8539-422a-85d7-44ee4e166bda" />
  </TestLists>
  <TestEntries>
    <TestEntry testId="0f0678c1-72af-a60a-dee8-7952b295f468" executionId="4db60583-0b96-4d7e-8d18-424beb0573d0" testListId="8c84fa94-04c1-424b-9868-57a2d4851a1d" />
    <TestEntry testId="f2a4f8d6-bc5f-4c12-a839-172bc25c2a5a" executionId="82740956-f69e-4ba3-85b4-ebf9a2b3022b" testListId="8c84fa94-04c1-424b-9868-57a2d4851a1d" />
  </TestEntries>
  <Results>
    <UnitTestResult executionId="4db60583-0b96-4d7e-8d18-424beb0573d0" testId="0f0678c1-72af-a60a-dee8-7952b295f468" testName="AddTwoNumbers1" computerName="MTALT042" duration="00:00:04.6199499" startTime="2011-08-31T20:38:52.4083782-04:00" endTime="2011-08-31T20:38:58.3147160-04:00" testType="13cdc9d9-ddb5-4fa4-a97d-d965ccfc6d4b" outcome="Passed" testListId="8c84fa94-04c1-424b-9868-57a2d4851a1d" relativeResultsDirectory="4db60583-0b96-4d7e-8d18-424beb0573d0">
      <Output>
        <StdOut>Given I have entered 50 into the calculator1
-&gt; done: BindingSteps.GivenIHaveEnteredIntoTheCalculator1(50) (0.0s)
And I have entered 70 into the calculator12
-&gt; done: BindingSteps.GivenIHaveEnteredIntoTheCalculator12(70) (0.0s)
When I press add1
-&gt; done: BindingSteps.WhenIPressAdd1() (0.0s)
Then the result should be 120 on the screen1
-&gt; done: BindingSteps.ThenTheResultShouldBeOnTheScreen1(120) (0.0s)</StdOut>
      </Output>
    </UnitTestResult>
    <UnitTestResult executionId="82740956-f69e-4ba3-85b4-ebf9a2b3022b" testId="f2a4f8d6-bc5f-4c12-a839-172bc25c2a5a" testName="TestMethod1" computerName="MTALT042" duration="00:00:00.0007298" startTime="2011-08-31T20:38:58.3287168-04:00" endTime="2011-08-31T20:38:58.3357172-04:00" testType="13cdc9d9-ddb5-4fa4-a97d-d965ccfc6d4b" outcome="Passed" testListId="8c84fa94-04c1-424b-9868-57a2d4851a1d" relativeResultsDirectory="82740956-f69e-4ba3-85b4-ebf9a2b3022b">
    </UnitTestResult>
  </Results>
</TestRun>