<?xml version="1.0" encoding="UTF-8"?>
<TestRun id="e79e070e-b305-4050-bfa7-383a8f472b12" name="Administrator@MTALT042 2011-08-18 14:55:13" runUser="MTALT042\Administrator" xmlns="http://microsoft.com/schemas/VisualStudio/TeamTest/2010">
  <TestSettings name="Local" id="adff75a4-7c2e-41eb-ace4-74f44b9933a8">
    <Description>These are default test settings for a local test run.</Description>
    <Deployment enabled="false" runDeploymentRoot="Administrator_MTALT042 2011-08-18 14_55_13">
      <DeploymentItem filename="D:\Prashant\Code\TestingSpecFlow\packages\SpecFlow.1.7.0\lib\net35\TechTalk.SpecFlow.dll" />
      <DeploymentItem filename="D:\Prashant\Code\TestingSpecFlow\packages\NUnit.2.5.10.11092\lib\pnunit.framework.dll" />
      <DeploymentItem filename="D:\Prashant\Code\TestingSpecFlow\packages\NUnit.2.5.10.11092\lib\nunit.framework.dll" />
      <DeploymentItem filename="D:\Prashant\Code\TestingSpecFlow\packages\NUnit.2.5.10.11092\lib\nunit.mocks.dll" />
    </Deployment>
    <Execution>
      <TestTypeSpecific />
      <AgentRule name="Execution Agents">
      </AgentRule>
    </Execution>
  </TestSettings>
  <Times creation="2011-08-18T14:55:13.4178173-04:00" queuing="2011-08-18T14:55:14.4888786-04:00" start="2011-08-18T14:55:14.6558881-04:00" finish="2011-08-18T14:56:17.4324788-04:00" />
  <ResultSummary outcome="Error">
    <Counters total="5" executed="5" passed="4" error="0" failed="0" timeout="0" aborted="1" inconclusive="0" passedButRunAborted="0" notRunnable="0" notExecuted="0" disconnected="0" warning="0" completed="0" inProgress="0" pending="0" />
    <RunInfos>
      <RunInfo computerName="MTALT042" outcome="Error" timestamp="2011-08-18T14:56:17.4304786-04:00">
        <Text>Test host process exited unexpectedly.</Text>
      </RunInfo>
    </RunInfos>
  </ResultSummary>
  <TestDefinitions>
    <UnitTest name="TestMethod1" storage="d:\prashant\code\testingspecflow\testingspecflow\bin\debug\testingspecflow.dll" id="f2a4f8d6-bc5f-4c12-a839-172bc25c2a5a">
      <Execution id="fa93a0cb-f6fe-4c18-a80b-786041b75442" />
      <TestMethod codeBase="D:/Prashant/Code/TestingSpecFlow/TestingSpecFlow/bin/Debug/TestingSpecFlow.DLL" adapterTypeName="Microsoft.VisualStudio.TestTools.TestTypes.Unit.UnitTestAdapter, Microsoft.VisualStudio.QualityTools.Tips.UnitTest.Adapter, Version=10.0.0.0, Culture=neutral, PublicKeyToken=b03f5f7f11d50a3a" className="TestingSpecFlow.UnitTest1, TestingSpecFlow, Version=1.0.0.0, Culture=neutral, PublicKeyToken=null" name="TestMethod1" />
    </UnitTest>
    <UnitTest name="AddTwoStrings1" storage="d:\prashant\code\testingspecflow\testingspecflow\bin\debug\testingspecflow.dll" id="e96c9b85-2aa5-b97d-aa78-ac1fe76603d1">
      <Description>Add Two strings1</Description>
      <Execution id="dcc38cb9-e4ae-44f1-9659-abf4cfcbf8b7" />
      <Properties>
        <Property>
          <Key>FeatureTitle</Key>
          <Value>Addition</Value>
        </Property>
      </Properties>
      <TestMethod codeBase="D:/Prashant/Code/TestingSpecFlow/TestingSpecFlow/bin/Debug/TestingSpecFlow.DLL" adapterTypeName="Microsoft.VisualStudio.TestTools.TestTypes.Unit.UnitTestAdapter, Microsoft.VisualStudio.QualityTools.Tips.UnitTest.Adapter, Version=10.0.0.0, Culture=neutral, PublicKeyToken=b03f5f7f11d50a3a" className="TestingSpecFlow.AdditionFeature, TestingSpecFlow, Version=1.0.0.0, Culture=neutral, PublicKeyToken=null" name="AddTwoStrings1" />
    </UnitTest>
    <UnitTest name="AddValues" storage="d:\prashant\code\testingspecflow\testingspecflow\bin\debug\testingspecflow.dll" id="7ae43de1-b62f-4605-865a-823610be30db">
      <Description>Add Values</Description>
      <Execution id="53475ca0-af76-4020-8331-1d791c0698f4" />
      <Properties>
        <Property>
          <Key>FeatureTitle</Key>
          <Value>Addition</Value>
        </Property>
      </Properties>
      <TestMethod codeBase="D:/Prashant/Code/TestingSpecFlow/TestingSpecFlow/bin/Debug/TestingSpecFlow.DLL" adapterTypeName="Microsoft.VisualStudio.TestTools.TestTypes.Unit.UnitTestAdapter, Microsoft.VisualStudio.QualityTools.Tips.UnitTest.Adapter, Version=10.0.0.0, Culture=neutral, PublicKeyToken=b03f5f7f11d50a3a" className="TestingSpecFlow.AdditionFeature, TestingSpecFlow, Version=1.0.0.0, Culture=neutral, PublicKeyToken=null" name="AddValues" />
    </UnitTest>
    <UnitTest name="AddMultipleNumbers" storage="d:\prashant\code\testingspecflow\testingspecflow\bin\debug\testingspecflow.dll" id="83792e57-41a7-34fc-bfcb-21110fa9d7bf">
      <Description>Add Multiple Numbers</Description>
      <Execution id="fa745adf-1833-4445-b700-d4957d19eda3" />
      <Properties>
        <Property>
          <Key>FeatureTitle</Key>
          <Value>Addition</Value>
        </Property>
      </Properties>
      <TestMethod codeBase="D:/Prashant/Code/TestingSpecFlow/TestingSpecFlow/bin/Debug/TestingSpecFlow.DLL" adapterTypeName="Microsoft.VisualStudio.TestTools.TestTypes.Unit.UnitTestAdapter, Microsoft.VisualStudio.QualityTools.Tips.UnitTest.Adapter, Version=10.0.0.0, Culture=neutral, PublicKeyToken=b03f5f7f11d50a3a" className="TestingSpecFlow.AdditionFeature, TestingSpecFlow, Version=1.0.0.0, Culture=neutral, PublicKeyToken=null" name="AddMultipleNumbers" />
    </UnitTest>
    <UnitTest name="AddTwoStrings" storage="d:\prashant\code\testingspecflow\testingspecflow\bin\debug\testingspecflow.dll" id="21f4c6be-d174-c720-b71a-62728be093bb">
      <Description>Add Two strings</Description>
      <Execution id="a9b3ae8c-db63-4b34-827a-e4bf37441d13" />
      <Properties>
        <Property>
          <Key>FeatureTitle</Key>
          <Value>Addition</Value>
        </Property>
      </Properties>
      <TestMethod codeBase="D:/Prashant/Code/TestingSpecFlow/TestingSpecFlow/bin/Debug/TestingSpecFlow.DLL" adapterTypeName="Microsoft.VisualStudio.TestTools.TestTypes.Unit.UnitTestAdapter, Microsoft.VisualStudio.QualityTools.Tips.UnitTest.Adapter, Version=10.0.0.0, Culture=neutral, PublicKeyToken=b03f5f7f11d50a3a" className="TestingSpecFlow.AdditionFeature, TestingSpecFlow, Version=1.0.0.0, Culture=neutral, PublicKeyToken=null" name="AddTwoStrings" />
    </UnitTest>
  </TestDefinitions>
  <TestLists>
    <TestList name="Results Not in a List" id="8c84fa94-04c1-424b-9868-57a2d4851a1d" />
    <TestList name="All Loaded Results" id="19431567-8539-422a-85d7-44ee4e166bda" />
  </TestLists>
  <TestEntries>
    <TestEntry testId="f2a4f8d6-bc5f-4c12-a839-172bc25c2a5a" executionId="fa93a0cb-f6fe-4c18-a80b-786041b75442" testListId="8c84fa94-04c1-424b-9868-57a2d4851a1d" />
    <TestEntry testId="21f4c6be-d174-c720-b71a-62728be093bb" executionId="a9b3ae8c-db63-4b34-827a-e4bf37441d13" testListId="8c84fa94-04c1-424b-9868-57a2d4851a1d" />
    <TestEntry testId="e96c9b85-2aa5-b97d-aa78-ac1fe76603d1" executionId="dcc38cb9-e4ae-44f1-9659-abf4cfcbf8b7" testListId="8c84fa94-04c1-424b-9868-57a2d4851a1d" />
    <TestEntry testId="83792e57-41a7-34fc-bfcb-21110fa9d7bf" executionId="fa745adf-1833-4445-b700-d4957d19eda3" testListId="8c84fa94-04c1-424b-9868-57a2d4851a1d" />
    <TestEntry testId="7ae43de1-b62f-4605-865a-823610be30db" executionId="53475ca0-af76-4020-8331-1d791c0698f4" testListId="8c84fa94-04c1-424b-9868-57a2d4851a1d" />
  </TestEntries>
  <Results>
    <UnitTestResult executionId="fa93a0cb-f6fe-4c18-a80b-786041b75442" testId="f2a4f8d6-bc5f-4c12-a839-172bc25c2a5a" testName="TestMethod1" computerName="MTALT042" duration="00:00:00.0113877" startTime="2011-08-18T14:55:14.9049024-04:00" endTime="2011-08-18T14:55:16.2409788-04:00" testType="13cdc9d9-ddb5-4fa4-a97d-d965ccfc6d4b" outcome="Passed" testListId="8c84fa94-04c1-424b-9868-57a2d4851a1d" relativeResultsDirectory="fa93a0cb-f6fe-4c18-a80b-786041b75442">
    </UnitTestResult>
    <UnitTestResult executionId="a9b3ae8c-db63-4b34-827a-e4bf37441d13" testId="21f4c6be-d174-c720-b71a-62728be093bb" testName="AddTwoStrings" computerName="MTALT042" duration="00:00:03.3022745" startTime="2011-08-18T14:55:16.2499793-04:00" endTime="2011-08-18T14:55:19.7691806-04:00" testType="13cdc9d9-ddb5-4fa4-a97d-d965ccfc6d4b" outcome="Passed" testListId="8c84fa94-04c1-424b-9868-57a2d4851a1d" relativeResultsDirectory="a9b3ae8c-db63-4b34-827a-e4bf37441d13">
      <Output>
        <StdOut>Given I have entered 30 as first Value into computer
-&gt; done: BindingSteps.IHaveEnteredFirstIntoComputer(30) (0.0s)
And I have entered 70 as Second value into computer
-&gt; done: BindingSteps.IHaveEnteredSecondIntoComputer(70) (0.0s)
When I press add
-&gt; done: BindingSteps.IPressAdd() (0.0s)
Then the result should be 100 on the screen
-&gt; done: BindingSteps.ThenTheResultShouldBe(100) (0.0s)</StdOut>
      </Output>
    </UnitTestResult>
    <UnitTestResult executionId="dcc38cb9-e4ae-44f1-9659-abf4cfcbf8b7" testId="e96c9b85-2aa5-b97d-aa78-ac1fe76603d1" testName="AddTwoStrings1" computerName="MTALT042" duration="00:00:00.0034126" startTime="2011-08-18T14:55:19.7781811-04:00" endTime="2011-08-18T14:55:19.7911819-04:00" testType="13cdc9d9-ddb5-4fa4-a97d-d965ccfc6d4b" outcome="Passed" testListId="8c84fa94-04c1-424b-9868-57a2d4851a1d" relativeResultsDirectory="dcc38cb9-e4ae-44f1-9659-abf4cfcbf8b7">
      <Output>
        <StdOut>Given I have entered 40 as first Value into computer
-&gt; done: BindingSteps.IHaveEnteredFirstIntoComputer(40) (0.0s)
And I have entered 50 as Second value into computer
-&gt; done: BindingSteps.IHaveEnteredSecondIntoComputer(50) (0.0s)
When I press add
-&gt; done: BindingSteps.IPressAdd() (0.0s)
Then the result should be 90 on the screen
-&gt; done: BindingSteps.ThenTheResultShouldBe(90) (0.0s)</StdOut>
      </Output>
    </UnitTestResult>
    <UnitTestResult executionId="fa745adf-1833-4445-b700-d4957d19eda3" testId="83792e57-41a7-34fc-bfcb-21110fa9d7bf" testName="AddMultipleNumbers" computerName="MTALT042" duration="00:00:00.0032640" startTime="2011-08-18T14:55:19.8071828-04:00" endTime="2011-08-18T14:55:19.8231837-04:00" testType="13cdc9d9-ddb5-4fa4-a97d-d965ccfc6d4b" outcome="Passed" testListId="8c84fa94-04c1-424b-9868-57a2d4851a1d" relativeResultsDirectory="fa745adf-1833-4445-b700-d4957d19eda3">
      <Output>
        <StdOut>Given I entered 30
-&gt; done: BindingSteps.IEnteredNumber(30) (0.0s)
And I entered 40
-&gt; done: BindingSteps.IEnteredNumber(40) (0.0s)
And I entered 50
-&gt; done: BindingSteps.IEnteredNumber(50) (0.0s)
And I entered 60
-&gt; done: BindingSteps.IEnteredNumber(60) (0.0s)
When I press add
-&gt; done: BindingSteps.IPressAdd() (0.0s)
Then the result should be 180 on the screen
-&gt; done: BindingSteps.ThenTheResultShouldBe(180) (0.0s)</StdOut>
      </Output>
    </UnitTestResult>
    <UnitTestResult executionId="53475ca0-af76-4020-8331-1d791c0698f4" testId="7ae43de1-b62f-4605-865a-823610be30db" testName="AddValues" computerName="MTALT042" duration="00:00:57.6002946" startTime="2011-08-18T14:55:19.8321842-04:00" endTime="2011-08-18T14:56:17.4324788-04:00" testType="13cdc9d9-ddb5-4fa4-a97d-d965ccfc6d4b" outcome="Aborted" testListId="8c84fa94-04c1-424b-9868-57a2d4851a1d" relativeResultsDirectory="53475ca0-af76-4020-8331-1d791c0698f4">
    </UnitTestResult>
  </Results>
</TestRun>